0 program 1.0.0 (\!0 -> force (force sndPair) (unConstrData !1))
