0 {"exBudgetCPU":16100,"exBudgetMemory":200,"scriptSizeBytes":11}
