by {"exBudgetCPU":1341371,"exBudgetMemory":4884,"scriptSizeBytes":49}
dotPlus {"exBudgetCPU":8345758,"exBudgetMemory":26900,"scriptSizeBytes":239}
