lam {"exBudgetCPU":144100,"exBudgetMemory":1000,"scriptSizeBytes":39}
app {"exBudgetCPU":1375074,"exBudgetMemory":4022,"scriptSizeBytes":79}
