add1 {"exBudgetCPU":16100,"exBudgetMemory":200,"scriptSizeBytes":16}
add1Hoisted {"exBudgetCPU":16100,"exBudgetMemory":200,"scriptSizeBytes":16}
example1 {"exBudgetCPU":1082140,"exBudgetMemory":3710,"scriptSizeBytes":34}
example2 {"exBudgetCPU":16100,"exBudgetMemory":200,"scriptSizeBytes":21}
fib.lam {"exBudgetCPU":224100,"exBudgetMemory":1500,"scriptSizeBytes":75}
fib.app.9 {"exBudgetCPU":107735050,"exBudgetMemory":413618,"scriptSizeBytes":78}
uglyDouble {"exBudgetCPU":16100,"exBudgetMemory":200,"scriptSizeBytes":10}
