pmatch program 1.0.0 error
phead program 1.0.0 True
ptail program 1.0.0 True
pnull.empty program 1.0.0 True
pnull.nonempty program 1.0.0 True
pconcat.identity program 1.0.0 True
pmap.eg program 1.0.0 True
pmap.identity program 1.0.0 True
pfilter.evens program 1.0.0 True
pfilter.gt5 program 1.0.0 True
pzipWith.double program 1.0.0 True
pfoldl.nonempty program 1.0.0 True
pfoldl.nonempty-primed program 1.0.0 True
pfoldl.empty program 1.0.0 True
pfoldl.empty-primed program 1.0.0 True
elemAt.elemAt_3_[1..10] program 1.0.0 4
elemAt.elemAt_0_[1..10] program 1.0.0 1
elemAt.elemAt_9_[1..10] program 1.0.0 10
find.find_(==3)_[1..4] program 1.0.0 (constr 0 [3])
find.find_(==5)_[1..4] program 1.0.0 (constr 1 [])
x1+x2.builtin program 1.0.0 3
x1+x2.pmatch program 1.0.0 3
uncons.ChooseList program 1.0.0 [2,3,4,5]
uncons.head-and-tail program 1.0.0 [2,3,4,5]
uncons.head-and-tail-and-null program 1.0.0 [2,3,4,5]
