eq.true.nothing {"exBudgetCPU":176100,"exBudgetMemory":1200,"scriptSizeBytes":29}
eq.true.just {"exBudgetCPU":356433,"exBudgetMemory":2001,"scriptSizeBytes":34}
eq.false.nothing-just {"exBudgetCPU":208100,"exBudgetMemory":1400,"scriptSizeBytes":31}
eq.false.just-just {"exBudgetCPU":356433,"exBudgetMemory":2001,"scriptSizeBytes":34}
