normal {"exBudgetCPU":9191164,"exBudgetMemory":39092,"scriptSizeBytes":74}
do {"exBudgetCPU":9303164,"exBudgetMemory":39792,"scriptSizeBytes":138}
cont {"exBudgetCPU":9191164,"exBudgetMemory":39092,"scriptSizeBytes":74}
termcont {"exBudgetCPU":9303164,"exBudgetMemory":39792,"scriptSizeBytes":128}
