eq.true program 1.1.0 True
eq.false.fst program 1.1.0 False
eq.false.snd program 1.1.0 False
eq.false.both program 1.1.0 False
