PCredential.pmatch.true.eq {"exBudgetCPU":2293471,"exBudgetMemory":7825,"scriptSizeBytes":132}
PCredential.pmatch.true.less {"exBudgetCPU":1691822,"exBudgetMemory":6264,"scriptSizeBytes":134}
PCredential.pmatch.false {"exBudgetCPU":1691822,"exBudgetMemory":6264,"scriptSizeBytes":133}
PTriplet.derived.true.eq {"exBudgetCPU":4034555,"exBudgetMemory":14549,"scriptSizeBytes":151}
PTriplet.derived.true.less {"exBudgetCPU":3059222,"exBudgetMemory":11654,"scriptSizeBytes":151}
PTriplet.derived.false {"exBudgetCPU":3363604,"exBudgetMemory":12756,"scriptSizeBytes":151}
PTriplet.pmatch.true.eq {"exBudgetCPU":4450555,"exBudgetMemory":17149,"scriptSizeBytes":154}
PTriplet.pmatch.true.less {"exBudgetCPU":3379222,"exBudgetMemory":13654,"scriptSizeBytes":154}
PTriplet.pmatch.false {"exBudgetCPU":3779604,"exBudgetMemory":15356,"scriptSizeBytes":154}
