PCredential.pmatch.true.eq program 1.0.0 True
PCredential.pmatch.true.less program 1.0.0 True
PCredential.pmatch.false program 1.0.0 False
PTriplet.derived.true.eq program 1.0.0 True
PTriplet.derived.true.less program 1.0.0 True
PTriplet.derived.false program 1.0.0 False
PTriplet.pmatch.true.eq program 1.0.0 True
PTriplet.pmatch.true.less program 1.0.0 True
PTriplet.pmatch.false program 1.0.0 False
