literal program 1.0.0 (constr 0 [1, 2])
ops.+ program 1.0.0 (constr 0 [1, 1])
ops.- program 1.0.0 (constr 0 [1, 6])
ops.* program 1.0.0 (constr 0 [1, 4])
ops.harmonic-sum program 1.0.0 (constr 0 [77, 60])
ops.multi-product program 1.0.0 (constr 0 [1, 6])
ops.abs program 1.0.0 (constr 0 [1, 2])
ops.signum program 1.0.0 (constr 0 [-1, 1])
compare program 1.0.0 True
round.5/3 program 1.0.0 2
round.4/3 program 1.0.0 1
round.-5/2 program 1.0.0 -2
round.-1/4 program 1.0.0 0
truncate.5/4 program 1.0.0 1
truncate.7/4 program 1.0.0 1
truncate.1/4 program 1.0.0 0
truncate.-7/4 program 1.0.0 -1
properFraction.-1/2 program 1.0.0 True
properFraction.-3/2 program 1.0.0 True
properFraction.-4/3 program 1.0.0 True
data.id.0.5 program 1.0.0 (constr 0 [1, 2])
data.id.2 program 1.0.0 (constr 0 [2, 1])
data.id.11/3 program 1.0.0 (constr 0 [11, 3])
div by 0.1/0 program 1.0.0 error
div by 0.recip 0 program 1.0.0 error
div by 0.1/(1-1) program 1.0.0 error
