auth_validator.0 program
  1.0.0
  (\!0 !0 !0 ->
     force
       (case
          (constr 0
             [ (case
                  (constr 0
                     [ #3131363631613861636139623039626239336565666461323935623564613262653366393434643166343235336162323964613137646235383066353064303264323632313865333366626261356530636331623063306361646662363761356639613930313537646363313965656364376339333733623034313563383838
                     , (unBData !3)
                     , (unBData !2) ])
                  [verifyEd25519Signature])
             , (delay ())
             , (delay error) ])
          [(force ifThenElse)]))
auth_validator.hash program 1.0.0 "581ca494b144204a5e0fe81dd96af3503c59a003c9d7a8f2ed3e38736d94"
auth_policy.0 program
  1.0.0
  (\!0 !0 ->
     force
       (case
          (constr 0
             [ ((\!0 ->
                   (\!0 -> !2 (\!0 -> !2 !2 !1)) (\!0 -> !2 (\!0 -> !2 !2 !1)))
                  (\!0 !0 ->
                     force
                       (case
                          (constr 0
                             [ !1
                             , (delay False)
                             , (delay
                                  (force
                                     (case
                                        (constr 0
                                           [ (equalsData
                                                (!7 !1)
                                                (B #cc1360b04bdd0825e0c6552abb2af9b4df75b71f0c7cca20256b1f4f))
                                           , (delay True)
                                           , (delay (!2 (!6 !1))) ])
                                        [!5]))) ])
                          [(force (force chooseList))]))
                  (unListData
                     (!5
                        (!4
                           (!4
                              (!4
                                 (!4
                                    (!4
                                       (!4
                                          (!4
                                             (!4
                                                (!6
                                                   (unConstrData
                                                      (!5
                                                         (!6
                                                            (unConstrData
                                                               !1))))))))))))))))
             , (delay ())
             , (delay error) ])
          [!3]))
auth_policy.hash program 1.0.0 "581c99095c2d4d921ceacdb97f33a5a6d01f9fa7752b03b3d0da891c7e0d"
auth_stake_validator.0 program
  1.0.0
  (\!0 !0 ->
     force
       (case
          (constr 0
             [ ((\!0 ->
                   (\!0 -> !2 (\!0 -> !2 !2 !1)) (\!0 -> !2 (\!0 -> !2 !2 !1)))
                  (\!0 !0 ->
                     force
                       (case
                          (constr 0
                             [ !1
                             , (delay False)
                             , (delay
                                  (force
                                     (case
                                        (constr 0
                                           [ (equalsData
                                                (!7 !1)
                                                (B #cc1360b04bdd0825e0c6552abb2af9b4df75b71f0c7cca20256b1f4f))
                                           , (delay True)
                                           , (delay (!2 (!6 !1))) ])
                                        [!5]))) ])
                          [(force (force chooseList))]))
                  (unListData
                     (!5
                        (!4
                           (!4
                              (!4
                                 (!4
                                    (!4
                                       (!4
                                          (!4
                                             (!4
                                                (!6
                                                   (unConstrData
                                                      (!5
                                                         (!6
                                                            (unConstrData
                                                               !1))))))))))))))))
             , (delay ())
             , (delay error) ])
          [!3]))
auth_stake_validator.hash program 1.0.0 "581c99095c2d4d921ceacdb97f33a5a6d01f9fa7752b03b3d0da891c7e0d"
