eq program 1.0.0 ((\!0 -> equalsString !1 !1) "foo")
semigroup.laws.id.1 program 1.0.0 ((\!0 -> equalsString (appendString "" !1) !1) "foo")
semigroup.laws.id.2 program 1.0.0 ((\!0 -> equalsString !1 (appendString "" !1)) "foo")
semigroup.concat program 1.0.0 (equalsString (appendString "foo" "bar") "foobar")
semigroup.mempty program 1.0.0 ((\!0 -> equalsString !1 !1) "")
