pcon program 1.1.0 ()
pmatch program 1.1.0 True
compare.== program 1.1.0 True
compare.< program 1.1.0 False
compare.<= program 1.1.0 True
