2:[1] program 1.0.0 [2,1]
fails:True:[1] program 1.0.0 error
(2,1) program 1.0.0 (1, 2)
fails:MkPair-1-2 program 1.0.0 error
