2:[1] {"exBudgetCPU":168462,"exBudgetMemory":732,"scriptSizeBytes":13}
fails:True:[1] {"exBudgetCPU":72462,"exBudgetMemory":132,"scriptSizeBytes":13}
(2,1) {"exBudgetCPU":16100,"exBudgetMemory":200,"scriptSizeBytes":10}
fails:MkPair-1-2 {"exBudgetCPU":100,"exBudgetMemory":100,"scriptSizeBytes":11}
