pnot.lam program 1.0.0 (\!0 -> force ifThenElse !1 False True)
pnot.app program 1.0.0 False
pand.tf program 1.0.0 False
pand.ft program 1.0.0 False
pand.tt program 1.0.0 True
pand.ff program 1.0.0 False
pand.laziness.pand program 1.0.0 (delay False)
pand.laziness.op program 1.0.0 False
pand.laziness.pand.perror.op program 1.0.0 error
por.tf program 1.0.0 True
por.ft program 1.0.0 True
por.tt program 1.0.0 True
por.ff program 1.0.0 False
por.laziness.por program 1.0.0 (delay True)
por.laziness.op program 1.0.0 True
por.laziness.pand.perror.op.true program 1.0.0 True
por.laziness.pand.perror.op.false program 1.0.0 error