empty program 1.0.0 ((\!0 -> equalsByteString !1 !1) #)
phexByteStr program 1.0.0 ((\!0 -> equalsByteString !1 !1) #42abdfc9)
plengthByteStr program 1.0.0 (equalsInteger (lengthOfByteString #012f) 2)
pconsBS program
  1.0.0
  ((\!0 ->
      equalsInteger
        (lengthOfByteString (consByteString 91 !1))
        (addInteger 1 (lengthOfByteString !1)))
     #48fcd1)
pindexByteStr program 1.0.0 (indexByteString #4102af 1)
psliceByteStr program 1.0.0 (sliceByteString 2 3 #4102afde5b2a)
eq program 1.0.0 ((\!0 -> equalsByteString !1 !1) #12)
semigroup.concats program 1.0.0 (appendByteString #12 #34)
semigroup.laws.id.1 program 1.0.0 ((\!0 -> equalsByteString (appendByteString # !1) !1) #12)
semigroup.laws.id.2 program 1.0.0 ((\!0 -> equalsByteString !1 (appendByteString # !1)) #12)