reverse.reverse_[1..5] program
  1.0.0
  ((\!0 ->
      (\!0 ->
         (\!0 -> (\!0 -> !2 (\!0 -> !2 !2 !1)) (\!0 -> !2 (\!0 -> !2 !2 !1)))
           (\!0 !0 !0 -> !1 (\!0 !0 -> !5 (!6 !4 !2) !1) (delay !2)))
        (\!0 !0 -> !3 !1 !2)
        (\!0 !0 -> force !1)
        (!1 1 (!1 2 (!1 3 (!1 4 (!1 5 (\!0 !0 -> force !1)))))))
     (\!0 !0 !0 !0 -> !2 !4 !3))
isSorted.[1..10] program
  1.0.0
  ((\!0 ->
      (\!0 -> (\!0 -> !2 (\!0 -> !2 !2 !1)) (\!0 -> !2 (\!0 -> !2 !2 !1)))
        (\!0 !0 ->
           !1
             (\!0 !0 ->
                !1
                  (\!0 !0 ->
                     force
                       ((\!0 !0 -> force ifThenElse !2 !1 (delay False))
                          (lessThanEqualsInteger !4 !2)
                          (delay (!6 !3))))
                  (delay True))
             (delay True))
        (!1
           1
           (!1
              2
              (!1
                 3
                 (!1
                    4
                    (!1
                       5
                       (!1
                          6
                          (!1
                             7
                             (!1 8 (!1 9 (!1 10 (\!0 !0 -> force !1))))))))))))
     (\!0 !0 !0 !0 -> !2 !4 !3))
isSorted.reverse_[1..10] program
  1.0.0
  ((\!0 ->
      (\!0 ->
         (\!0 -> !2 !1 False True)
           ((\!0 -> (\!0 -> !2 (\!0 -> !2 !2 !1)) (\!0 -> !2 (\!0 -> !2 !2 !1)))
              (\!0 !0 ->
                 !1
                   (\!0 !0 ->
                      !1
                        (\!0 !0 ->
                           force
                             ((\!0 !0 -> !9 !2 !1 (delay False))
                                (lessThanEqualsInteger !4 !2)
                                (delay (!6 !3))))
                        (delay True))
                   (delay True))
              (!2
                 10
                 (!2
                    9
                    (!2
                       8
                       (!2
                          7
                          (!2
                             6
                             (!2
                                5
                                (!2
                                   4
                                   (!2
                                      3
                                      (!2
                                         2
                                         (!2 1 (\!0 !0 -> force !1)))))))))))))
        (force ifThenElse))
     (\!0 !0 !0 !0 -> !2 !4 !3))
isSorted.reverse_[] program
  1.0.0
  ((\!0 ->
      (\!0 -> (\!0 -> !2 (\!0 -> !2 !2 !1)) (\!0 -> !2 (\!0 -> !2 !2 !1)))
        (\!0 !0 !0 -> !1 (\!0 !0 -> !5 (!6 !4 !2) !1) (delay !2)))
     (\!0 !0 !0 !0 -> !2 !3 !4)
     (\!0 !0 -> force !1)
     (\!0 !0 -> force !1))