PCredential.derived.true program 1.0.0 True
PCredential.derived.false program 1.0.0 False
PCredential.pmatch.true program 1.0.0 True
PCredential.pmatch.false program 1.0.0 False
PCredential.pmatch-pdatarecord.true program 1.0.0 True
PCredential.pmatch-pdatarecord.false program 1.0.0 False
PTriplet.derived.true program 1.0.0 True
PTriplet.derived.false program 1.0.0 False
PTriplet.pmatch.true program 1.0.0 True
PTriplet.pmatch.false program 1.0.0 False
PTriplet.pmatch-pdatarecord.true program 1.0.0 True
PTriplet.pmatch-pdatarecord.false program 1.0.0 False