PCredential.derived.true program
  1.0.0
  ((\!0 ->
      (\!0 ->
         (\!0 ->
            (\!0 ->
               (\!0 !0 ->
                  (\!0 ->
                     (\!0 ->
                        (\!0 ->
                           (\!0 ->
                              force
                                (!7
                                   (lessThanInteger !2 !1)
                                   (delay True)
                                   (delay
                                      (force
                                         (!7
                                            (equalsInteger !2 !1)
                                            (delay
                                               ((\!0 ->
                                                   (\!0 ->
                                                      lessThanByteString
                                                        (unBData (!10 !2))
                                                        (unBData (!10 !1)))
                                                     (!10 !4))
                                                  (!9 !4)))
                                            (delay False))))))
                             (!9 !2))
                          (!8 !2))
                       (unConstrData !2))
                    (unConstrData !2))
                 (Constr 0 [B #])
                 (Constr 1 [B #41]))
              (force ifThenElse))
           (force headList))
        (force (force sndPair)))
     (force (force fstPair)))
PCredential.derived.false program
  1.0.0
  ((\!0 ->
      (\!0 ->
         (\!0 ->
            (\!0 ->
               (\!0 !0 ->
                  (\!0 ->
                     (\!0 ->
                        (\!0 ->
                           (\!0 ->
                              force
                                (!7
                                   (lessThanInteger !2 !1)
                                   (delay True)
                                   (delay
                                      (force
                                         (!7
                                            (equalsInteger !2 !1)
                                            (delay
                                               ((\!0 ->
                                                   (\!0 ->
                                                      lessThanByteString
                                                        (unBData (!10 !2))
                                                        (unBData (!10 !1)))
                                                     (!10 !4))
                                                  (!9 !4)))
                                            (delay False))))))
                             (!9 !2))
                          (!8 !2))
                       (unConstrData !2))
                    (unConstrData !2))
                 (Constr 1 [B #41])
                 (Constr 0 [B #]))
              (force ifThenElse))
           (force headList))
        (force (force sndPair)))
     (force (force fstPair)))
PCredential.pmatch.true program
  1.0.0
  ((\!0 ->
      (\!0 ->
         (\!0 ->
            (\!0 ->
               (\!0 ->
                  (\!0 ->
                     (\!0 ->
                        (\!0 ->
                           force
                             (!4
                                (equalsInteger 0 !2)
                                (delay
                                   ((\!0 ->
                                       (\!0 ->
                                          (\!0 ->
                                             force
                                               (!7
                                                  (equalsInteger 0 !2)
                                                  (delay
                                                     (lessThanByteString
                                                        (unBData (!8 !4))
                                                        (unBData (!8 !1))))
                                                  (delay True)))
                                            (!9 !2))
                                         (!9 !1))
                                      (unConstrData !6)))
                                (delay
                                   ((\!0 ->
                                       (\!0 ->
                                          (\!0 ->
                                             force
                                               (!7
                                                  (equalsInteger 1 !2)
                                                  (delay
                                                     (lessThanByteString
                                                        (unBData (!8 !4))
                                                        (unBData (!8 !1))))
                                                  (delay False)))
                                            (!9 !2))
                                         (!9 !1))
                                      (unConstrData !6)))))
                          (!6 !2))
                       (!6 !1))
                    (unConstrData (Constr 0 [B #])))
                 (force ifThenElse))
              (force headList))
           (Constr 1 [B #41]))
        (force (force sndPair)))
     (force (force fstPair)))
PCredential.pmatch.false program
  1.0.0
  ((\!0 ->
      (\!0 ->
         (\!0 ->
            (\!0 ->
               (\!0 ->
                  (\!0 ->
                     (\!0 ->
                        (\!0 ->
                           force
                             (!4
                                (equalsInteger 1 !2)
                                (delay
                                   ((\!0 ->
                                       (\!0 ->
                                          (\!0 ->
                                             force
                                               (!7
                                                  (equalsInteger 1 !2)
                                                  (delay
                                                     (lessThanByteString
                                                        (unBData (!8 !4))
                                                        (unBData (!8 !1))))
                                                  (delay False)))
                                            (!9 !2))
                                         (!9 !1))
                                      (unConstrData !6)))
                                (delay
                                   ((\!0 ->
                                       (\!0 ->
                                          (\!0 ->
                                             force
                                               (!7
                                                  (equalsInteger 0 !2)
                                                  (delay
                                                     (lessThanByteString
                                                        (unBData (!8 !4))
                                                        (unBData (!8 !1))))
                                                  (delay True)))
                                            (!9 !2))
                                         (!9 !1))
                                      (unConstrData !6)))))
                          (!6 !2))
                       (!6 !1))
                    (unConstrData (Constr 1 [B #41])))
                 (force ifThenElse))
              (force headList))
           (Constr 0 [B #]))
        (force (force sndPair)))
     (force (force fstPair)))
PCredential.pmatch-pdatarecord.true program
  1.0.0
  ((\!0 ->
      (\!0 ->
         (\!0 ->
            (\!0 ->
               (\!0 ->
                  (\!0 ->
                     (\!0 ->
                        (\!0 ->
                           force
                             (!4
                                (equalsInteger 0 !2)
                                (delay
                                   ((\!0 ->
                                       (\!0 ->
                                          (\!0 ->
                                             force
                                               (!7
                                                  (equalsInteger 0 !2)
                                                  (delay
                                                     (lessThanByteString
                                                        (unBData (!8 !4))
                                                        (unBData (!8 !1))))
                                                  (delay True)))
                                            (!9 !2))
                                         (!9 !1))
                                      (unConstrData !6)))
                                (delay
                                   ((\!0 ->
                                       (\!0 ->
                                          (\!0 ->
                                             force
                                               (!7
                                                  (equalsInteger 1 !2)
                                                  (delay
                                                     (lessThanByteString
                                                        (unBData (!8 !4))
                                                        (unBData (!8 !1))))
                                                  (delay False)))
                                            (!9 !2))
                                         (!9 !1))
                                      (unConstrData !6)))))
                          (!6 !2))
                       (!6 !1))
                    (unConstrData (Constr 0 [B #])))
                 (force ifThenElse))
              (force headList))
           (Constr 1 [B #41]))
        (force (force sndPair)))
     (force (force fstPair)))
PCredential.pmatch-pdatarecord.false program
  1.0.0
  ((\!0 ->
      (\!0 ->
         (\!0 ->
            (\!0 ->
               (\!0 ->
                  (\!0 ->
                     (\!0 ->
                        (\!0 ->
                           force
                             (!4
                                (equalsInteger 1 !2)
                                (delay
                                   ((\!0 ->
                                       (\!0 ->
                                          (\!0 ->
                                             force
                                               (!7
                                                  (equalsInteger 1 !2)
                                                  (delay
                                                     (lessThanByteString
                                                        (unBData (!8 !4))
                                                        (unBData (!8 !1))))
                                                  (delay False)))
                                            (!9 !2))
                                         (!9 !1))
                                      (unConstrData !6)))
                                (delay
                                   ((\!0 ->
                                       (\!0 ->
                                          (\!0 ->
                                             force
                                               (!7
                                                  (equalsInteger 0 !2)
                                                  (delay
                                                     (lessThanByteString
                                                        (unBData (!8 !4))
                                                        (unBData (!8 !1))))
                                                  (delay True)))
                                            (!9 !2))
                                         (!9 !1))
                                      (unConstrData !6)))))
                          (!6 !2))
                       (!6 !1))
                    (unConstrData (Constr 1 [B #41])))
                 (force ifThenElse))
              (force headList))
           (Constr 0 [B #]))
        (force (force sndPair)))
     (force (force fstPair)))
PTriplet.derived.true program
  1.0.0
  ((\!0 ->
      (\!0 ->
         (\!0 ->
            (\!0 ->
               (\!0 ->
                  (\!0 !0 ->
                     (\!0 ->
                        (\!0 ->
                           (\!0 ->
                              (\!0 ->
                                 force
                                   (!7
                                      (lessThanInteger !2 !1)
                                      (delay True)
                                      (delay
                                         (force
                                            (!7
                                               (equalsInteger !2 !1)
                                               (delay
                                                  ((\!0 ->
                                                      (\!0 ->
                                                         (\!0 ->
                                                            (\!0 ->
                                                               force
                                                                 (!11
                                                                    (lessThanInteger
                                                                       !2
                                                                       !1)
                                                                    (delay True)
                                                                    (delay
                                                                       (force
                                                                          (!11
                                                                             (equalsInteger
                                                                                !2
                                                                                !1)
                                                                             (delay
                                                                                ((\!0 ->
                                                                                    (\!0 ->
                                                                                       lessThanInteger
                                                                                         (unIData
                                                                                            (!15
                                                                                               !2))
                                                                                         (unIData
                                                                                            (!15
                                                                                               !1)))
                                                                                      (!13
                                                                                         !4))
                                                                                   (!12
                                                                                      !4)))
                                                                             (delay
                                                                                False))))))
                                                              (unIData
                                                                 (!12 !2)))
                                                           (unIData (!11 !2)))
                                                        (!9 !4))
                                                     (!8 !4)))
                                               (delay False))))))
                                (unIData (!8 !2)))
                             (unIData (!7 !2)))
                          (!7 !2))
                       (!6 !2))
                    (Constr 0 [I 1, I 2, I 3])
                    (Constr 0 [I 1, I 3, I 5]))
                 (force ifThenElse))
              (force tailList))
           (force headList))
        (\!0 -> !2 (unConstrData !1)))
     (force (force sndPair)))
PTriplet.derived.false program
  1.0.0
  ((\!0 ->
      (\!0 ->
         (\!0 ->
            (\!0 ->
               (\!0 ->
                  (\!0 !0 ->
                     (\!0 ->
                        (\!0 ->
                           (\!0 ->
                              (\!0 ->
                                 force
                                   (!7
                                      (lessThanInteger !2 !1)
                                      (delay True)
                                      (delay
                                         (force
                                            (!7
                                               (equalsInteger !2 !1)
                                               (delay
                                                  ((\!0 ->
                                                      (\!0 ->
                                                         (\!0 ->
                                                            (\!0 ->
                                                               force
                                                                 (!11
                                                                    (lessThanInteger
                                                                       !2
                                                                       !1)
                                                                    (delay True)
                                                                    (delay
                                                                       (force
                                                                          (!11
                                                                             (equalsInteger
                                                                                !2
                                                                                !1)
                                                                             (delay
                                                                                ((\!0 ->
                                                                                    (\!0 ->
                                                                                       lessThanInteger
                                                                                         (unIData
                                                                                            (!15
                                                                                               !2))
                                                                                         (unIData
                                                                                            (!15
                                                                                               !1)))
                                                                                      (!13
                                                                                         !4))
                                                                                   (!12
                                                                                      !4)))
                                                                             (delay
                                                                                False))))))
                                                              (unIData
                                                                 (!12 !2)))
                                                           (unIData (!11 !2)))
                                                        (!9 !4))
                                                     (!8 !4)))
                                               (delay False))))))
                                (unIData (!8 !2)))
                             (unIData (!7 !2)))
                          (!7 !2))
                       (!6 !2))
                    (Constr 0 [I 1, I 3, I 5])
                    (Constr 0 [I 1, I 2, I 3]))
                 (force ifThenElse))
              (force tailList))
           (force headList))
        (\!0 -> !2 (unConstrData !1)))
     (force (force sndPair)))
PTriplet.pmatch.true program
  1.0.0
  ((\!0 ->
      (\!0 ->
         (\!0 ->
            (\!0 ->
               (\!0 ->
                  (\!0 ->
                     (\!0 ->
                        (\!0 ->
                           (\!0 ->
                              (\!0 ->
                                 (\!0 ->
                                    (\!0 ->
                                       (\!0 ->
                                          (\!0 ->
                                             (\!0 ->
                                                force
                                                  (!7
                                                     (lessThanInteger !2 !1)
                                                     (delay
                                                        (force
                                                           (!9
                                                              (equalsInteger
                                                                 !2
                                                                 !1)
                                                              (delay
                                                                 ((\!0 ->
                                                                     (\!0 ->
                                                                        force
                                                                          (!9
                                                                             (lessThanInteger
                                                                                !2
                                                                                !1)
                                                                             (delay
                                                                                (force
                                                                                   (!11
                                                                                      (equalsInteger
                                                                                         !2
                                                                                         !1)
                                                                                      (delay
                                                                                         (lessThanInteger
                                                                                            (unIData
                                                                                               (!14
                                                                                                  (!15
                                                                                                     !7)))
                                                                                            (unIData
                                                                                               (!14
                                                                                                  (!15
                                                                                                     !5))))))))))
                                                                       (unIData
                                                                          (!13
                                                                             !4)))
                                                                    (unIData
                                                                       (!12
                                                                          !5)))))))))
                                               (unIData (!11 !3)))
                                            (unIData (!10 !4)))
                                         (!10 !1))
                                      (!10 (Constr 0 [I 1, I 3, I 5])))
                                   (!8 !1))
                                (!8 (Constr 0 [I 1, I 2, I 3])))
                             (\!0 -> !4 !1 !2))
                          (delay True))
                       (\!0 !0 -> !3 !2 !1 !4))
                    (force ifThenElse))
                 (delay False))
              (force headList))
           (force tailList))
        (\!0 -> !2 (unConstrData !1)))
     (force (force sndPair)))
PTriplet.pmatch.false program
  1.0.0
  ((\!0 ->
      (\!0 ->
         (\!0 ->
            (\!0 ->
               (\!0 ->
                  (\!0 ->
                     (\!0 ->
                        (\!0 ->
                           (\!0 ->
                              (\!0 ->
                                 (\!0 ->
                                    (\!0 ->
                                       (\!0 ->
                                          (\!0 ->
                                             (\!0 ->
                                                force
                                                  (!7
                                                     (lessThanInteger !2 !1)
                                                     (delay
                                                        (force
                                                           (!9
                                                              (equalsInteger
                                                                 !2
                                                                 !1)
                                                              (delay
                                                                 ((\!0 ->
                                                                     (\!0 ->
                                                                        force
                                                                          (!9
                                                                             (lessThanInteger
                                                                                !2
                                                                                !1)
                                                                             (delay
                                                                                (force
                                                                                   (!11
                                                                                      (equalsInteger
                                                                                         !2
                                                                                         !1)
                                                                                      (delay
                                                                                         (lessThanInteger
                                                                                            (unIData
                                                                                               (!14
                                                                                                  (!15
                                                                                                     !7)))
                                                                                            (unIData
                                                                                               (!14
                                                                                                  (!15
                                                                                                     !5))))))))))
                                                                       (unIData
                                                                          (!13
                                                                             !4)))
                                                                    (unIData
                                                                       (!12
                                                                          !5)))))))))
                                               (unIData (!11 !3)))
                                            (unIData (!10 !4)))
                                         (!10 !1))
                                      (!10 (Constr 0 [I 1, I 2, I 3])))
                                   (!8 !1))
                                (!8 (Constr 0 [I 1, I 3, I 5])))
                             (\!0 -> !4 !1 !2))
                          (delay True))
                       (\!0 !0 -> !3 !2 !1 !4))
                    (force ifThenElse))
                 (delay False))
              (force headList))
           (force tailList))
        (\!0 -> !2 (unConstrData !1)))
     (force (force sndPair)))
PTriplet.pmatch-pdatarecord.true program
  1.0.0
  ((\!0 ->
      (\!0 ->
         (\!0 ->
            (\!0 ->
               (\!0 ->
                  (\!0 ->
                     (\!0 ->
                        (\!0 ->
                           (\!0 ->
                              force
                                (!5
                                   (lessThanInteger !2 !1)
                                   (delay True)
                                   (delay
                                      (force
                                         (!5
                                            (equalsInteger !2 !1)
                                            (delay
                                               ((\!0 ->
                                                   (\!0 ->
                                                      (\!0 ->
                                                         (\!0 ->
                                                            force
                                                              (!9
                                                                 (lessThanInteger
                                                                    !2
                                                                    !1)
                                                                 (delay True)
                                                                 (delay
                                                                    (force
                                                                       (!9
                                                                          (equalsInteger
                                                                             !2
                                                                             !1)
                                                                          (delay
                                                                             ((\!0 ->
                                                                                 (\!0 ->
                                                                                    lessThanInteger
                                                                                      (unIData
                                                                                         (!13
                                                                                            !2))
                                                                                      (unIData
                                                                                         (!13
                                                                                            !1)))
                                                                                   (!11
                                                                                      !4))
                                                                                (!10
                                                                                   !4)))
                                                                          (delay
                                                                             False))))))
                                                           (unIData (!10 !2)))
                                                        (unIData (!9 !2)))
                                                     (!7 !4))
                                                  (!6 !4)))
                                            (delay False))))))
                             (unIData (!6 !2)))
                          (unIData (!5 !2)))
                       (!5 (Constr 0 [I 1, I 3, I 5])))
                    (!4 (Constr 0 [I 1, I 2, I 3])))
                 (force ifThenElse))
              (force tailList))
           (force headList))
        (\!0 -> !2 (unConstrData !1)))
     (force (force sndPair)))
PTriplet.pmatch-pdatarecord.false program
  1.0.0
  ((\!0 ->
      (\!0 ->
         (\!0 ->
            (\!0 ->
               (\!0 ->
                  (\!0 ->
                     (\!0 ->
                        (\!0 ->
                           (\!0 ->
                              force
                                (!5
                                   (lessThanInteger !2 !1)
                                   (delay True)
                                   (delay
                                      (force
                                         (!5
                                            (equalsInteger !2 !1)
                                            (delay
                                               ((\!0 ->
                                                   (\!0 ->
                                                      (\!0 ->
                                                         (\!0 ->
                                                            force
                                                              (!9
                                                                 (lessThanInteger
                                                                    !2
                                                                    !1)
                                                                 (delay True)
                                                                 (delay
                                                                    (force
                                                                       (!9
                                                                          (equalsInteger
                                                                             !2
                                                                             !1)
                                                                          (delay
                                                                             ((\!0 ->
                                                                                 (\!0 ->
                                                                                    lessThanInteger
                                                                                      (unIData
                                                                                         (!13
                                                                                            !2))
                                                                                      (unIData
                                                                                         (!13
                                                                                            !1)))
                                                                                   (!11
                                                                                      !4))
                                                                                (!10
                                                                                   !4)))
                                                                          (delay
                                                                             False))))))
                                                           (unIData (!10 !2)))
                                                        (unIData (!9 !2)))
                                                     (!7 !4))
                                                  (!6 !4)))
                                            (delay False))))))
                             (unIData (!6 !2)))
                          (unIData (!5 !2)))
                       (!5 (Constr 0 [I 1, I 2, I 3])))
                    (!4 (Constr 0 [I 1, I 3, I 5])))
                 (force ifThenElse))
              (force tailList))
           (force headList))
        (\!0 -> !2 (unConstrData !1)))
     (force (force sndPair)))