unit program 1.0.0 "()"
bool.true program 1.0.0 "PTrue"
bool.false program 1.0.0 "PFalse"
int.0 program 1.0.0 "0"
int.5 program 1.0.0 "5"
int.-5 program 1.0.0 "-5"
int.10 program 1.0.0 "10"
int.-10 program 1.0.0 "-10"
int.14 program 1.0.0 "14"
int.-14 program 1.0.0 "-14"
int.102 program 1.0.0 "102"
int.-102 program 1.0.0 "-102"
bytestring.empty program 1.0.0 "0x"
bytestring.1 program 1.0.0 "0x14"
bytestring.2 program 1.0.0 "0x14af"
bytestring.3 program 1.0.0 "0x14af03"
bytestring.n program 1.0.0 "0xffffff"
bytestring.0 program 1.0.0 "0x000000"
str.empty program 1.0.0 "\"\""
str.hello123 program 1.0.0 "\"hello123\""
str.quoted program 1.0.0 "\"hello\\\"123\""
str.slash program 1.0.0 "\"foo\\bar\""
str.unicode program 1.0.0 "\"vis-\224-vis\""
str.unicode-quoted program 1.0.0 "\"vis-\\\"\224\\\"-vis\""
maybe.nothing program 1.0.0 "PNothing"
maybe.just program 1.0.0 "PJust 42"
either.right program 1.0.0 "PRight 42"
maybe.either program 1.0.0 "PJust (PLeft 42)"
list.nil program 1.0.0 "[]"
list.1 program 1.0.0 "[1]"
list.1,2,3 program 1.0.0 "[1, 2, 3]"
builtinlist.nil program 1.0.0 "[]"
builtinlist.1,2,3 program 1.0.0 "[1, 2, 3]"
pshowAndErr.nil program 1.0.0 error
pshowAndErr.1,2,3 program 1.0.0 error
pair.int-str program 1.0.0 "PPair 42 \"hello\""
pair.int-list program 1.0.0 "PPair 42 [1, 2, 3]"
rational.1/2 program 1.0.0 "1/2"